// Jest Snapshot v1, https://goo.gl/fbAQLP

exports[`NewPollPage should render all components 1`] = `
Object {
  "asFragment": [Function],
  "baseElement": <body>
    <div>
      <div
        class="container"
      >
        <h1
          class="text-center"
        >
          New Poll
        </h1>
        <div
          class="text-center card"
        >
          <div
            class="card-header"
          >
            Would You Rather
          </div>
          <div
            class="card-title h5"
          >
            Create Your Own Poll
          </div>
          <div
            class="card-body"
          >
            <form
              class=""
            >
              <div
                class="mb-3"
              >
                <label
                  class="form-label"
                >
                  First Option
                </label>
                <input
                  class="form-control"
                  data-testid="option-one-input"
                  placeholder="Option One"
                  type="text"
                  value=""
                />
              </div>
              <div
                class="mb-3"
              >
                <label
                  class="form-label"
                >
                  Second Option
                </label>
                <input
                  class="form-control"
                  data-testid="option-two-input"
                  placeholder="Option Two"
                  type="text"
                  value=""
                />
              </div>
              <button
                class="btn btn-primary"
                data-testid="btn-submit-poll"
                type="submit"
              >
                Submit
              </button>
            </form>
          </div>
        </div>
      </div>
    </div>
  </body>,
  "container": <div>
    <div
      class="container"
    >
      <h1
        class="text-center"
      >
        New Poll
      </h1>
      <div
        class="text-center card"
      >
        <div
          class="card-header"
        >
          Would You Rather
        </div>
        <div
          class="card-title h5"
        >
          Create Your Own Poll
        </div>
        <div
          class="card-body"
        >
          <form
            class=""
          >
            <div
              class="mb-3"
            >
              <label
                class="form-label"
              >
                First Option
              </label>
              <input
                class="form-control"
                data-testid="option-one-input"
                placeholder="Option One"
                type="text"
                value=""
              />
            </div>
            <div
              class="mb-3"
            >
              <label
                class="form-label"
              >
                Second Option
              </label>
              <input
                class="form-control"
                data-testid="option-two-input"
                placeholder="Option Two"
                type="text"
                value=""
              />
            </div>
            <button
              class="btn btn-primary"
              data-testid="btn-submit-poll"
              type="submit"
            >
              Submit
            </button>
          </form>
        </div>
      </div>
    </div>
  </div>,
  "debug": [Function],
  "findAllByAltText": [Function],
  "findAllByDisplayValue": [Function],
  "findAllByLabelText": [Function],
  "findAllByPlaceholderText": [Function],
  "findAllByRole": [Function],
  "findAllByTestId": [Function],
  "findAllByText": [Function],
  "findAllByTitle": [Function],
  "findByAltText": [Function],
  "findByDisplayValue": [Function],
  "findByLabelText": [Function],
  "findByPlaceholderText": [Function],
  "findByRole": [Function],
  "findByTestId": [Function],
  "findByText": [Function],
  "findByTitle": [Function],
  "getAllByAltText": [Function],
  "getAllByDisplayValue": [Function],
  "getAllByLabelText": [Function],
  "getAllByPlaceholderText": [Function],
  "getAllByRole": [Function],
  "getAllByTestId": [Function],
  "getAllByText": [Function],
  "getAllByTitle": [Function],
  "getByAltText": [Function],
  "getByDisplayValue": [Function],
  "getByLabelText": [Function],
  "getByPlaceholderText": [Function],
  "getByRole": [Function],
  "getByTestId": [Function],
  "getByText": [Function],
  "getByTitle": [Function],
  "queryAllByAltText": [Function],
  "queryAllByDisplayValue": [Function],
  "queryAllByLabelText": [Function],
  "queryAllByPlaceholderText": [Function],
  "queryAllByRole": [Function],
  "queryAllByTestId": [Function],
  "queryAllByText": [Function],
  "queryAllByTitle": [Function],
  "queryByAltText": [Function],
  "queryByDisplayValue": [Function],
  "queryByLabelText": [Function],
  "queryByPlaceholderText": [Function],
  "queryByRole": [Function],
  "queryByTestId": [Function],
  "queryByText": [Function],
  "queryByTitle": [Function],
  "rerender": [Function],
  "unmount": [Function],
}
`;
