// Jest Snapshot v1, https://goo.gl/fbAQLP

exports[`Navi should render the components 1`] = `
Object {
  "asFragment": [Function],
  "baseElement": <body>
    <div>
      <nav
        class="navbar navbar-expand navbar-light"
      >
        <div
          class="container"
        >
          <a
            class="navbar-brand"
            href="/"
          >
            Employee Poll
          </a>
          <div
            class="me-auto navbar-nav"
          >
            <a
              class="nav-link"
              data-testid="home-link"
              href="/"
            >
              Home
            </a>
            <a
              class="nav-link"
              data-testid="leaderboard-link"
              href="/leaderboard"
            >
              Leaderboard
            </a>
            <a
              class="nav-link"
              data-testid="new-poll-link"
              href="/add"
            >
              New Poll
            </a>
          </div>
          <div
            class="justify-content-end navbar-collapse collapse"
          >
            <span
              class="navbar-text"
            >
              Signed in as: 
              Tyler Alibaba
              <button
                class="btn btn-link"
                data-testid="logout-link"
                type="button"
              >
                Logout
              </button>
            </span>
          </div>
        </div>
      </nav>
    </div>
  </body>,
  "container": <div>
    <nav
      class="navbar navbar-expand navbar-light"
    >
      <div
        class="container"
      >
        <a
          class="navbar-brand"
          href="/"
        >
          Employee Poll
        </a>
        <div
          class="me-auto navbar-nav"
        >
          <a
            class="nav-link"
            data-testid="home-link"
            href="/"
          >
            Home
          </a>
          <a
            class="nav-link"
            data-testid="leaderboard-link"
            href="/leaderboard"
          >
            Leaderboard
          </a>
          <a
            class="nav-link"
            data-testid="new-poll-link"
            href="/add"
          >
            New Poll
          </a>
        </div>
        <div
          class="justify-content-end navbar-collapse collapse"
        >
          <span
            class="navbar-text"
          >
            Signed in as: 
            Tyler Alibaba
            <button
              class="btn btn-link"
              data-testid="logout-link"
              type="button"
            >
              Logout
            </button>
          </span>
        </div>
      </div>
    </nav>
  </div>,
  "debug": [Function],
  "findAllByAltText": [Function],
  "findAllByDisplayValue": [Function],
  "findAllByLabelText": [Function],
  "findAllByPlaceholderText": [Function],
  "findAllByRole": [Function],
  "findAllByTestId": [Function],
  "findAllByText": [Function],
  "findAllByTitle": [Function],
  "findByAltText": [Function],
  "findByDisplayValue": [Function],
  "findByLabelText": [Function],
  "findByPlaceholderText": [Function],
  "findByRole": [Function],
  "findByTestId": [Function],
  "findByText": [Function],
  "findByTitle": [Function],
  "getAllByAltText": [Function],
  "getAllByDisplayValue": [Function],
  "getAllByLabelText": [Function],
  "getAllByPlaceholderText": [Function],
  "getAllByRole": [Function],
  "getAllByTestId": [Function],
  "getAllByText": [Function],
  "getAllByTitle": [Function],
  "getByAltText": [Function],
  "getByDisplayValue": [Function],
  "getByLabelText": [Function],
  "getByPlaceholderText": [Function],
  "getByRole": [Function],
  "getByTestId": [Function],
  "getByText": [Function],
  "getByTitle": [Function],
  "queryAllByAltText": [Function],
  "queryAllByDisplayValue": [Function],
  "queryAllByLabelText": [Function],
  "queryAllByPlaceholderText": [Function],
  "queryAllByRole": [Function],
  "queryAllByTestId": [Function],
  "queryAllByText": [Function],
  "queryAllByTitle": [Function],
  "queryByAltText": [Function],
  "queryByDisplayValue": [Function],
  "queryByLabelText": [Function],
  "queryByPlaceholderText": [Function],
  "queryByRole": [Function],
  "queryByTestId": [Function],
  "queryByText": [Function],
  "queryByTitle": [Function],
  "rerender": [Function],
  "unmount": [Function],
}
`;
